[INFO] Scanning for projects...
[INFO] 
[INFO] ---------------------< com.tanvir:TicketingSystem >---------------------
[INFO] Building TicketingSystem 0.0.1-SNAPSHOT
[INFO]   from pom.xml
[INFO] --------------------------------[ jar ]---------------------------------
[INFO] 
[INFO] --- resources:3.3.1:resources (default-resources) @ TicketingSystem ---
[INFO] Copying 1 resource from src\main\resources to target\classes
[INFO] Copying 0 resource from src\main\resources to target\classes
[INFO] 
[INFO] --- compiler:3.14.1:compile (default-compile) @ TicketingSystem ---
[INFO] Nothing to compile - all classes are up to date.
[INFO] ------------------------------------------------------------------------
[INFO] BUILD SUCCESS
[INFO] ------------------------------------------------------------------------
[INFO] Total time:  2.572 s
[INFO] Finished at: 2025-12-20T23:33:25+06:00
[INFO] ------------------------------------------------------------------------
